2732
2732
2732
2732
16363
2732
5780
18723
2732
18723
4289
176
4289
2732
2732
11178
2732
2732
176
176
4289
610
2732
2732
610
18405
610
2732
2732
2732
2732
4289
22433
4289
2732
